// Jest Snapshot v1, https://goo.gl/fbAQLP

exports[`BoardList renders the navbar with the user's name 1`] = `
<div>
  <main
    class="main"
  >
    <nav
      aria-label="main navigation"
      class="navbar"
      role="navigation"
    >
      <div
        class="navbar-brand"
      >
        <a
          class="navbar-item"
          href="/"
        >
          <img
            alt="Logo"
            data-nimg="1"
            decoding="async"
            height="28"
            loading="lazy"
            src="/admios-logo.svg"
            style="color: transparent;"
            width="112"
          />
        </a>
        <a
          aria-expanded="false"
          aria-label="menu"
          class="navbar-burger"
          data-target="main-navbar-inner"
          role="button"
        >
          <span
            aria-hidden="true"
          />
          <span
            aria-hidden="true"
          />
          <span
            aria-hidden="true"
          />
        </a>
      </div>
      <div
        class="navbar-menu"
        id="main-navbar-inner"
      >
        <div
          class="navbar-start"
        >
          <a
            class="navbar-item"
            href="/"
          >
            My Boards
          </a>
        </div>
        <div
          class="navbar-end"
        >
          <div
            class="navbar-item"
          >
            Username: 
            John Doe
          </div>
          <a
            class="navbar-item"
          >
            Logout
          </a>
        </div>
      </div>
    </nav>
    <section
      class="container"
      title="boards-list"
    >
      <nav
        class="panel is-primary"
      >
        <p
          class="panel-heading"
        >
          Your Boards
        </p>
        <a
          class="panel-block is-active"
          href="/b/1"
        >
          <span
            class="panel-icon"
          >
            <svg
              aria-hidden="true"
              data-slot="icon"
              fill="currentColor"
              viewBox="0 0 24 24"
              xmlns="http://www.w3.org/2000/svg"
            >
              <path
                d="M18.375 2.25c-1.035 0-1.875.84-1.875 1.875v15.75c0 1.035.84 1.875 1.875 1.875h.75c1.035 0 1.875-.84 1.875-1.875V4.125c0-1.036-.84-1.875-1.875-1.875h-.75ZM9.75 8.625c0-1.036.84-1.875 1.875-1.875h.75c1.036 0 1.875.84 1.875 1.875v11.25c0 1.035-.84 1.875-1.875 1.875h-.75a1.875 1.875 0 0 1-1.875-1.875V8.625ZM3 13.125c0-1.036.84-1.875 1.875-1.875h.75c1.036 0 1.875.84 1.875 1.875v6.75c0 1.035-.84 1.875-1.875 1.875h-.75A1.875 1.875 0 0 1 3 19.875v-6.75Z"
              />
            </svg>
          </span>
          Test Board
        </a>
        <a
          class="panel-block is-active"
          href="/b/2"
        >
          <span
            class="panel-icon"
          >
            <svg
              aria-hidden="true"
              data-slot="icon"
              fill="currentColor"
              viewBox="0 0 24 24"
              xmlns="http://www.w3.org/2000/svg"
            >
              <path
                d="M18.375 2.25c-1.035 0-1.875.84-1.875 1.875v15.75c0 1.035.84 1.875 1.875 1.875h.75c1.035 0 1.875-.84 1.875-1.875V4.125c0-1.036-.84-1.875-1.875-1.875h-.75ZM9.75 8.625c0-1.036.84-1.875 1.875-1.875h.75c1.036 0 1.875.84 1.875 1.875v11.25c0 1.035-.84 1.875-1.875 1.875h-.75a1.875 1.875 0 0 1-1.875-1.875V8.625ZM3 13.125c0-1.036.84-1.875 1.875-1.875h.75c1.036 0 1.875.84 1.875 1.875v6.75c0 1.035-.84 1.875-1.875 1.875h-.75A1.875 1.875 0 0 1 3 19.875v-6.75Z"
              />
            </svg>
          </span>
          Another Board
        </a>
      </nav>
    </section>
  </main>
</div>
`;
